<!DOCTYPE html>
<html >
<head>
<meta name="description" content="Test Description">
</head>
<body class="font-sans antialiased">



</body>
</html>