<!DOCTYPE html>
<html >
<head>
<title>Test Title</title>
</head>
<body class="font-sans antialiased">



</body>
</html>