<!DOCTYPE html>
<html >
<head>
<noscript class="noscript-class" id="noscript-id" style="display: none;">This is a noscript fallback.</noscript>
</head>
<body class="font-sans antialiased">



</body>
</html>