<!DOCTYPE html>
<html >
<head>
<meta content="default-src 'self'; script-src 'self' 'unsafe-inline';" http-equiv="content-security-policy">
<meta charset="utf-8">
<meta name="viewport" content="width=device-width, initial-scale=1.0">
<base href="https://example.com/">
<title>Duped Title</title>
<link href="duped-style.css" id="style-id" rel="stylesheet">
<link href="https://example.com/canonical" rel="canonical">
<meta name="description" content="Duped Description">
</head>
<body class="font-sans antialiased">



</body>
</html>