<!DOCTYPE html>
<html >
<head>

</head>
<body class="font-sans antialiased">



</body>
</html>