<!DOCTYPE html>
<html >
<head>
<script src="script.js"></script>
</head>
<body class="font-sans antialiased">



</body>
</html>